src/app/api/chat/route.ts(17,19): error TS2551: Property 'toDataStreamResponse' does not exist on type 'StreamTextResult<ToolSet, Output<string, string, never>>'. Did you mean 'toTextStreamResponse'?
src/components/chat/chat-widget.tsx(8,25): error TS2307: Cannot find module 'ai/react' or its corresponding type declarations.
src/components/chat/chat-widget.tsx(63,44): error TS7006: Parameter 'msg' implicitly has an 'any' type.
